// Jest Snapshot v1, https://goo.gl/fbAQLP

exports[`Borrow Test renders correctly 1`] = `
<View
  style={
    Object {
      "backgroundColor": "#fff",
      "flex": 1,
      "height": 1334,
    }
  }
>
  <View>
    <RCTSafeAreaView
      emulateUnlessSupported={true}
      style={
        Object {
          "backgroundColor": "#62B1F6",
        }
      }
    >
      <View
        androidStatusBarColor="#62B1F6"
        style={
          Array [
            Object {
              "backgroundColor": "#F8F8F8",
              "borderBottomColor": "#a7a6ab",
              "borderBottomWidth": 0.5,
              "elevation": 3,
              "flexDirection": "row",
              "height": 64,
              "justifyContent": "center",
              "left": 0,
              "paddingLeft": 6,
              "paddingRight": 10,
              "right": 0,
              "shadowColor": undefined,
              "shadowOffset": undefined,
              "shadowOpacity": undefined,
              "shadowRadius": undefined,
              "top": 0,
            },
            Object {
              "backgroundColor": "#62B1F6",
            },
          ]
        }
      >
        <View
          style={
            Object {
              "alignItems": "flex-start",
              "alignSelf": "center",
              "flex": 1,
            }
          }
        >
          <View
            accessible={true}
            focusable={true}
            onClick={[Function]}
            onResponderGrant={[Function]}
            onResponderMove={[Function]}
            onResponderRelease={[Function]}
            onResponderTerminate={[Function]}
            onResponderTerminationRequest={[Function]}
            onStartShouldSetResponder={[Function]}
            style={
              Object {
                "opacity": 1,
              }
            }
          >
            <Text />
          </View>
        </View>
        <View
          style={
            Object {
              "alignItems": "center",
              "alignSelf": "center",
              "flex": 1,
            }
          }
        />
        <View
          style={
            Object {
              "alignItems": "flex-end",
              "alignSelf": "center",
              "flex": 1,
              "flexDirection": "row",
              "justifyContent": "flex-end",
            }
          }
        />
      </View>
    </RCTSafeAreaView>
  </View>
  <View
    style={
      Array [
        Object {},
        Object {
          "flex": 1,
          "justifyContent": "center",
        },
      ]
    }
  >
    <ViewManagerAdapter_ExpoLinearGradient
      proxiedProperties={
        Object {
          "colors": Array [
            4294934111,
            4294882427,
          ],
          "endPoint": Array [
            1,
            0,
          ],
          "locations": undefined,
          "startPoint": Array [
            0,
            1,
          ],
        }
      }
      style={
        Object {
          "alignSelf": "center",
          "borderRadius": 40,
          "height": "40%",
          "justifyContent": "center",
          "margin": "7%",
          "width": "80%",
        }
      }
    >
      <View
        accessible={true}
        focusable={true}
        onClick={[Function]}
        onResponderGrant={[Function]}
        onResponderMove={[Function]}
        onResponderRelease={[Function]}
        onResponderTerminate={[Function]}
        onResponderTerminationRequest={[Function]}
        onStartShouldSetResponder={[Function]}
        style={
          Object {
            "alignSelf": "center",
            "borderRadius": 40,
            "flex": 1,
            "flexDirection": "column",
            "justifyContent": "center",
            "opacity": 1,
            "width": "100%",
          }
        }
      >
        <Text
          style={
            Array [
              Object {
                "fontSize": 17,
              },
              Object {
                "fontSize": 40,
                "fontWeight": "bold",
                "textAlign": "center",
              },
              Object {
                "color": "black",
              },
            ]
          }
        >
          Browse
        </Text>
        <Text />
      </View>
    </ViewManagerAdapter_ExpoLinearGradient>
    <ViewManagerAdapter_ExpoLinearGradient
      proxiedProperties={
        Object {
          "colors": Array [
            4282525530,
            4285746029,
          ],
          "endPoint": Array [
            1,
            0,
          ],
          "locations": undefined,
          "startPoint": Array [
            0,
            1,
          ],
        }
      }
      style={
        Object {
          "alignSelf": "center",
          "borderRadius": 40,
          "height": "40%",
          "justifyContent": "center",
          "margin": "7%",
          "width": "80%",
        }
      }
    >
      <View
        accessible={true}
        focusable={true}
        onClick={[Function]}
        onResponderGrant={[Function]}
        onResponderMove={[Function]}
        onResponderRelease={[Function]}
        onResponderTerminate={[Function]}
        onResponderTerminationRequest={[Function]}
        onStartShouldSetResponder={[Function]}
        style={
          Object {
            "alignSelf": "center",
            "borderRadius": 40,
            "flex": 1,
            "flexDirection": "column",
            "justifyContent": "center",
            "opacity": 1,
            "width": "100%",
          }
        }
      >
        <Text
          style={
            Array [
              Object {
                "fontSize": 17,
              },
              Object {
                "fontSize": 40,
                "fontWeight": "bold",
                "textAlign": "center",
              },
              Object {
                "color": "white",
              },
            ]
          }
        >
          Book Loans
        </Text>
        <Text />
      </View>
    </ViewManagerAdapter_ExpoLinearGradient>
  </View>
  <RCTSafeAreaView
    emulateUnlessSupported={true}
    style={
      Object {
        "backgroundColor": "#62B1F6",
      }
    }
  >
    <View
      style={
        Array [
          Object {
            "backgroundColor": "#F8F8F8",
            "borderColor": "#cbcbcb",
            "borderTopWidth": 0.5,
            "elevation": 3,
            "flexDirection": "row",
            "height": 55,
            "justifyContent": "center",
            "left": 0,
            "paddingBottom": 0,
            "right": 0,
          },
          Object {
            "backgroundColor": "#62B1F6",
          },
        ]
      }
    >
      <View
        style={
          Object {
            "alignSelf": "stretch",
            "backgroundColor": undefined,
            "flex": 1,
            "flexDirection": "row",
            "justifyContent": "space-between",
          }
        }
      >
        <View
          accessible={true}
          focusable={true}
          forwardedRef={[Function]}
          onClick={[Function]}
          onResponderGrant={[Function]}
          onResponderMove={[Function]}
          onResponderRelease={[Function]}
          onResponderTerminate={[Function]}
          onResponderTerminationRequest={[Function]}
          onStartShouldSetResponder={[Function]}
          style={
            Object {
              "alignItems": "center",
              "alignSelf": "center",
              "backgroundColor": "#62B1F6",
              "borderBottomWidth": null,
              "borderColor": null,
              "borderLeftWidth": null,
              "borderRadius": 5,
              "borderRightWidth": null,
              "borderTopWidth": null,
              "borderWidth": undefined,
              "elevation": 0,
              "flex": 1,
              "flexDirection": null,
              "height": 55,
              "justifyContent": "center",
              "opacity": 1,
              "paddingBottom": 6,
              "paddingTop": 6,
              "shadowColor": null,
              "shadowOffset": null,
              "shadowOpacity": null,
              "shadowRadius": null,
            }
          }
        >
          <Text />
          <Text
            style={
              Array [
                Object {
                  "backgroundColor": "transparent",
                  "color": "#6b6b6b",
                  "fontFamily": "System",
                  "fontSize": 14,
                  "lineHeight": 16,
                  "marginLeft": 0,
                  "marginRight": 0,
                  "paddingLeft": 16,
                  "paddingRight": 16,
                },
                Object {
                  "color": "white",
                },
              ]
            }
            uppercase={false}
          >
            Home
          </Text>
        </View>
        <View
          accessible={true}
          focusable={true}
          forwardedRef={[Function]}
          onClick={[Function]}
          onResponderGrant={[Function]}
          onResponderMove={[Function]}
          onResponderRelease={[Function]}
          onResponderTerminate={[Function]}
          onResponderTerminationRequest={[Function]}
          onStartShouldSetResponder={[Function]}
          style={
            Object {
              "alignItems": "center",
              "alignSelf": "center",
              "backgroundColor": "#62B1F6",
              "borderBottomWidth": null,
              "borderColor": null,
              "borderLeftWidth": null,
              "borderRadius": 5,
              "borderRightWidth": null,
              "borderTopWidth": null,
              "borderWidth": undefined,
              "elevation": 0,
              "flex": 1,
              "flexDirection": null,
              "height": 55,
              "justifyContent": "center",
              "opacity": 1,
              "paddingBottom": 6,
              "paddingTop": 6,
              "shadowColor": null,
              "shadowOffset": null,
              "shadowOpacity": null,
              "shadowRadius": null,
            }
          }
        >
          <Text />
          <Text
            style={
              Array [
                Object {
                  "backgroundColor": "transparent",
                  "color": "#6b6b6b",
                  "fontFamily": "System",
                  "fontSize": 14,
                  "lineHeight": 16,
                  "marginLeft": 0,
                  "marginRight": 0,
                  "paddingLeft": 16,
                  "paddingRight": 16,
                },
                Object {
                  "color": "white",
                },
              ]
            }
            uppercase={false}
          >
            Booking
          </Text>
        </View>
        <View
          accessible={true}
          focusable={false}
          forwardedRef={[Function]}
          onClick={[Function]}
          onResponderGrant={[Function]}
          onResponderMove={[Function]}
          onResponderRelease={[Function]}
          onResponderTerminate={[Function]}
          onResponderTerminationRequest={[Function]}
          onStartShouldSetResponder={[Function]}
          style={
            Object {
              "alignItems": "center",
              "alignSelf": "center",
              "backgroundColor": "#62B1F6",
              "borderBottomWidth": null,
              "borderColor": null,
              "borderLeftWidth": null,
              "borderRadius": 5,
              "borderRightWidth": null,
              "borderTopWidth": null,
              "borderWidth": undefined,
              "elevation": 0,
              "flex": 1,
              "flexDirection": null,
              "height": 55,
              "justifyContent": "center",
              "opacity": 1,
              "paddingBottom": 6,
              "paddingTop": 6,
              "shadowColor": null,
              "shadowOffset": null,
              "shadowOpacity": null,
              "shadowRadius": null,
            }
          }
        >
          <Text />
          <Text
            style={
              Array [
                Object {
                  "backgroundColor": "transparent",
                  "color": "#6b6b6b",
                  "fontFamily": "System",
                  "fontSize": 14,
                  "lineHeight": 16,
                  "marginLeft": 0,
                  "marginRight": 0,
                  "paddingLeft": 16,
                  "paddingRight": 16,
                },
                Object {
                  "color": "black",
                },
              ]
            }
            uppercase={false}
          >
            Borrow
          </Text>
        </View>
        <View
          accessible={true}
          focusable={true}
          forwardedRef={[Function]}
          onClick={[Function]}
          onResponderGrant={[Function]}
          onResponderMove={[Function]}
          onResponderRelease={[Function]}
          onResponderTerminate={[Function]}
          onResponderTerminationRequest={[Function]}
          onStartShouldSetResponder={[Function]}
          style={
            Object {
              "alignItems": "center",
              "alignSelf": "center",
              "backgroundColor": "#62B1F6",
              "borderBottomWidth": null,
              "borderColor": null,
              "borderLeftWidth": null,
              "borderRadius": 5,
              "borderRightWidth": null,
              "borderTopWidth": null,
              "borderWidth": undefined,
              "elevation": 0,
              "flex": 1,
              "flexDirection": null,
              "height": 55,
              "justifyContent": "center",
              "opacity": 1,
              "paddingBottom": 6,
              "paddingTop": 6,
              "shadowColor": null,
              "shadowOffset": null,
              "shadowOpacity": null,
              "shadowRadius": null,
            }
          }
        >
          <Text />
          <Text
            style={
              Array [
                Object {
                  "backgroundColor": "transparent",
                  "color": "#6b6b6b",
                  "fontFamily": "System",
                  "fontSize": 14,
                  "lineHeight": 16,
                  "marginLeft": 0,
                  "marginRight": 0,
                  "paddingLeft": 16,
                  "paddingRight": 16,
                },
                Object {
                  "color": "white",
                },
              ]
            }
            uppercase={false}
          >
            Reminder
          </Text>
        </View>
      </View>
    </View>
  </RCTSafeAreaView>
</View>
`;
